TAP version 13
# Subtest: WO-050 full pre-refactor Decision bytes and every retained semantic projection stay identical
ok 1 - WO-050 full pre-refactor Decision bytes and every retained semantic projection stay identical
  ---
  duration_ms: 2287.687209
  ...
# Subtest: WO-050 slices have exclusive event ownership; WO-052 fills only the reserved source-change slot
ok 2 - WO-050 slices have exclusive event ownership; WO-052 fills only the reserved source-change slot
  ---
  duration_ms: 7.853834
  ...
# Subtest: WO-050 hosts read raw runtime fields only through exported selectors
ok 3 - WO-050 hosts read raw runtime fields only through exported selectors
  ---
  duration_ms: 0.5285
  ...
# Subtest: WO-050 malformed verification continuation and custom predicate context preserve the boundary
ok 4 - WO-050 malformed verification continuation and custom predicate context preserve the boundary
  ---
  duration_ms: 37.986333
  ...
# Subtest: WO-052 AC1 claude: governed foreign worktree, failing baseline, committed passing result, receipt and explicit finish
ok 5 - WO-052 AC1 claude: governed foreign worktree, failing baseline, committed passing result, receipt and explicit finish
  ---
  duration_ms: 9831.487083
  ...
# Subtest: WO-052 AC1 codex: governed foreign worktree, failing baseline, committed passing result, receipt and explicit finish
ok 6 - WO-052 AC1 codex: governed foreign worktree, failing baseline, committed passing result, receipt and explicit finish
  ---
  duration_ms: 4430.901375
  ...
# Subtest: WO-052 AC2 real host SIGKILL before-commit: expired lease recovers one effect
ok 7 - WO-052 AC2 real host SIGKILL before-commit: expired lease recovers one effect
  ---
  duration_ms: 5311.179458
  ...
# Subtest: WO-052 AC2 real host SIGKILL after-commit: expired lease recovers one effect
ok 8 - WO-052 AC2 real host SIGKILL after-commit: expired lease recovers one effect
  ---
  duration_ms: 5106.228791
  ...
# Subtest: WO-052 AC2 real host SIGKILL after-receipt: expired lease recovers one effect
ok 9 - WO-052 AC2 real host SIGKILL after-receipt: expired lease recovers one effect
  ---
  duration_ms: 7916.420458
  ...
# Subtest: WO-052 AC3 no commit refuses and retains edits; finish never discards them
ok 10 - WO-052 AC3 no commit refuses and retains edits; finish never discards them
  ---
  duration_ms: 3031.485459
  ...
# Subtest: WO-052 effect receipt and stable request are positively decoded before reclaim or redispatch
ok 11 - WO-052 effect receipt and stable request are positively decoded before reclaim or redispatch
  ---
  duration_ms: 4908.767291
  ...
# Subtest: WO-052 dirty committed tree and unowned ignored files refuse while preserving contents
ok 12 - WO-052 dirty committed tree and unowned ignored files refuse while preserving contents
  ---
  duration_ms: 10054.8175
  ...
# Subtest: WO-052 authority expiry fences initial dispatch and post-worker admission
ok 13 - WO-052 authority expiry fences initial dispatch and post-worker admission
  ---
  duration_ms: 2536.866334
  ...
# Subtest: WO-052 AC4 source payloads reject malformed identity, cross-order/branch results and terminal rewrites
ok 14 - WO-052 AC4 source payloads reject malformed identity, cross-order/branch results and terminal rewrites
  ---
  duration_ms: 0.544792
  ...
# Subtest: WO-052 emitted Claude permission hook admits only live host-issued exact commands
ok 15 - WO-052 emitted Claude permission hook admits only live host-issued exact commands
  ---
  duration_ms: 9051.905417
  ...
# Subtest: WO-048 inspection malformed recovery corpus preserves all store bytes
    # Subtest: lock-truncated-json
    ok 1 - lock-truncated-json
      ---
      duration_ms: 17.71025
      ...
    # Subtest: lock-null
    ok 2 - lock-null
      ---
      duration_ms: 14.27025
      ...
    # Subtest: lock-array
    ok 3 - lock-array
      ---
      duration_ms: 14.311583
      ...
    # Subtest: lock-foreign-field
    ok 4 - lock-foreign-field
      ---
      duration_ms: 16.371125
      ...
    # Subtest: lock-zero-pid
    ok 5 - lock-zero-pid
      ---
      duration_ms: 13.559542
      ...
    # Subtest: lock-fractional-pid
    ok 6 - lock-fractional-pid
      ---
      duration_ms: 12.214834
      ...
    # Subtest: lock-unsafe-pid
    ok 7 - lock-unsafe-pid
      ---
      duration_ms: 12.00325
      ...
    # Subtest: lock-string-pid
    ok 8 - lock-string-pid
      ---
      duration_ms: 12.465584
      ...
    # Subtest: log-torn
    ok 9 - log-torn
      ---
      duration_ms: 3.398917
      ...
    # Subtest: receipt-truncated-json
    ok 10 - receipt-truncated-json
      ---
      duration_ms: 3.300542
      ...
    # Subtest: receipt-null
    ok 11 - receipt-null
      ---
      duration_ms: 3.797917
      ...
    # Subtest: receipt-array
    ok 12 - receipt-array
      ---
      duration_ms: 3.492958
      ...
    # Subtest: receipt-foreign-wrapper-field
    ok 13 - receipt-foreign-wrapper-field
      ---
      duration_ms: 3.401208
      ...
    # Subtest: receipt-missing-result
    ok 14 - receipt-missing-result
      ---
      duration_ms: 3.435209
      ...
    # Subtest: receipt-non-object-result
    ok 15 - receipt-non-object-result
      ---
      duration_ms: 3.515166
      ...
    # Subtest: receipt-missing-envelope
    ok 16 - receipt-missing-envelope
      ---
      duration_ms: 3.615583
      ...
    # Subtest: receipt-missing-envelope-field
    ok 17 - receipt-missing-envelope-field
      ---
      duration_ms: 3.955208
      ...
    # Subtest: receipt-wrong-result-version
    ok 18 - receipt-wrong-result-version
      ---
      duration_ms: 12.164458
      ...
    # Subtest: receipt-another-command
    ok 19 - receipt-another-command
      ---
      duration_ms: 11.357167
      ...
    # Subtest: receipt-another-work-order
    ok 20 - receipt-another-work-order
      ---
      duration_ms: 11.841958
      ...
    # Subtest: receipt-invalid-episode
    ok 21 - receipt-invalid-episode
      ---
      duration_ms: 3.017167
      ...
    # Subtest: receipt-empty-episode
    ok 22 - receipt-empty-episode
      ---
      duration_ms: 2.884208
      ...
    # Subtest: receipt-incomplete-success-cache
    ok 23 - receipt-incomplete-success-cache
      ---
      duration_ms: 2.9475
      ...
    # Subtest: receipt-noncanonical-request-key
    ok 24 - receipt-noncanonical-request-key
      ---
      duration_ms: 3.201916
      ...
    # Subtest: receipt-foreign-request-key
    ok 25 - receipt-foreign-request-key
      ---
      duration_ms: 11.890167
      ...
    # Subtest: success-shaped-pending
    ok 26 - success-shaped-pending
      ---
      duration_ms: 3.1705
      ...
    # Subtest: command-noncanonical-key
    ok 27 - command-noncanonical-key
      ---
      duration_ms: 3.335125
      ...
    # Subtest: command-non-string-key
    ok 28 - command-non-string-key
      ---
      duration_ms: 3.156333
      ...
    # Subtest: malformed-attempt-tail
    ok 29 - malformed-attempt-tail
      ---
      duration_ms: 3.350625
      ...
    # Subtest: dangling-host.lock
    ok 30 - dangling-host.lock
      ---
      duration_ms: 12.269334
      ...
    # Subtest: dangling-events.jsonl
    ok 31 - dangling-events.jsonl
      ---
      duration_ms: 3.025583
      ...
    # Subtest: dangling-cmd_5ee0c6d8e207bd25.result.json
    ok 32 - dangling-cmd_5ee0c6d8e207bd25.result.json
      ---
      duration_ms: 3.507125
      ...
    # Subtest: direct-host-run-refuses-before-events
    ok 33 - direct-host-run-refuses-before-events
      ---
      duration_ms: 31.57425
      ...
    1..33
ok 16 - WO-048 inspection malformed recovery corpus preserves all store bytes
  ---
  duration_ms: 1349.711625
  ...
# Subtest: WO-048 verification malformed recovery corpus preserves all store bytes
    # Subtest: lock-truncated-json
    ok 1 - lock-truncated-json
      ---
      duration_ms: 7.211917
      ...
    # Subtest: lock-null
    ok 2 - lock-null
      ---
      duration_ms: 6.314417
      ...
    # Subtest: lock-array
    ok 3 - lock-array
      ---
      duration_ms: 5.609833
      ...
    # Subtest: lock-foreign-field
    ok 4 - lock-foreign-field
      ---
      duration_ms: 6.394708
      ...
    # Subtest: lock-zero-pid
    ok 5 - lock-zero-pid
      ---
      duration_ms: 5.500917
      ...
    # Subtest: lock-fractional-pid
    ok 6 - lock-fractional-pid
      ---
      duration_ms: 5.719667
      ...
    # Subtest: lock-unsafe-pid
    ok 7 - lock-unsafe-pid
      ---
      duration_ms: 6.22825
      ...
    # Subtest: lock-string-pid
    ok 8 - lock-string-pid
      ---
      duration_ms: 5.153166
      ...
    # Subtest: log-torn
    ok 9 - log-torn
      ---
      duration_ms: 3.466208
      ...
    # Subtest: receipt-truncated-json
    ok 10 - receipt-truncated-json
      ---
      duration_ms: 3.76525
      ...
    # Subtest: receipt-null
    ok 11 - receipt-null
      ---
      duration_ms: 4.26525
      ...
    # Subtest: receipt-array
    ok 12 - receipt-array
      ---
      duration_ms: 5.637
      ...
    # Subtest: receipt-foreign-wrapper-field
    ok 13 - receipt-foreign-wrapper-field
      ---
      duration_ms: 3.837125
      ...
    # Subtest: receipt-missing-result
    ok 14 - receipt-missing-result
      ---
      duration_ms: 3.672
      ...
    # Subtest: receipt-non-object-result
    ok 15 - receipt-non-object-result
      ---
      duration_ms: 3.582708
      ...
    # Subtest: receipt-missing-envelope
    ok 16 - receipt-missing-envelope
      ---
      duration_ms: 4.088583
      ...
    # Subtest: receipt-missing-envelope-field
    ok 17 - receipt-missing-envelope-field
      ---
      duration_ms: 4.04425
      ...
    # Subtest: receipt-wrong-result-version
    ok 18 - receipt-wrong-result-version
      ---
      duration_ms: 3.534208
      ...
    # Subtest: receipt-another-command
    ok 19 - receipt-another-command
      ---
      duration_ms: 4.103458
      ...
    # Subtest: receipt-another-work-order
    ok 20 - receipt-another-work-order
      ---
      duration_ms: 3.994208
      ...
    # Subtest: receipt-invalid-episode
    ok 21 - receipt-invalid-episode
      ---
      duration_ms: 4.204792
      ...
    # Subtest: receipt-empty-episode
    ok 22 - receipt-empty-episode
      ---
      duration_ms: 4.04475
      ...
    # Subtest: receipt-incomplete-success-cache
    ok 23 - receipt-incomplete-success-cache
      ---
      duration_ms: 4.397083
      ...
    # Subtest: receipt-noncanonical-request-key
    ok 24 - receipt-noncanonical-request-key
      ---
      duration_ms: 3.744875
      ...
    # Subtest: receipt-foreign-request-key
    ok 25 - receipt-foreign-request-key
      ---
      duration_ms: 5.303
      ...
    # Subtest: success-shaped-pending
    ok 26 - success-shaped-pending
      ---
      duration_ms: 3.904
      ...
    # Subtest: command-noncanonical-key
    ok 27 - command-noncanonical-key
      ---
      duration_ms: 3.703166
      ...
    # Subtest: command-non-string-key
    ok 28 - command-non-string-key
      ---
      duration_ms: 3.851542
      ...
    # Subtest: capsule-null
    ok 29 - capsule-null
      ---
      duration_ms: 3.618333
      ...
    # Subtest: capsule-truncated-shape
    ok 30 - capsule-truncated-shape
      ---
      duration_ms: 3.777583
      ...
    # Subtest: capsule-wrong-version
    ok 31 - capsule-wrong-version
      ---
      duration_ms: 3.89325
      ...
    # Subtest: capsule-input-hash-drift
    ok 32 - capsule-input-hash-drift
      ---
      duration_ms: 3.868083
      ...
    # Subtest: capsule-subject-drift
    ok 33 - capsule-subject-drift
      ---
      duration_ms: 4.153
      ...
    # Subtest: malformed-attempt-tail
    ok 34 - malformed-attempt-tail
      ---
      duration_ms: 4.393042
      ...
    # Subtest: dangling-host.lock
    ok 35 - dangling-host.lock
      ---
      duration_ms: 5.11625
      ...
    # Subtest: dangling-events.jsonl
    ok 36 - dangling-events.jsonl
      ---
      duration_ms: 3.390125
      ...
    # Subtest: dangling-cmd_3b843b5108e71409.result.json
    ok 37 - dangling-cmd_3b843b5108e71409.result.json
      ---
      duration_ms: 3.851
      ...
    # Subtest: direct-host-run-refuses-before-events
    ok 38 - direct-host-run-refuses-before-events
      ---
      duration_ms: 24.312
      ...
    1..38
ok 17 - WO-048 verification malformed recovery corpus preserves all store bytes
  ---
  duration_ms: 2132.355417
  ...
# Subtest: WO-051 inspection request, validator, parser, prompt and both launch arrays retain activation bytes
ok 18 - WO-051 inspection request, validator, parser, prompt and both launch arrays retain activation bytes
  ---
  duration_ms: 1.320166
  ...
# Subtest: WO-051 writer authority, command and environment refuse invalid requests before a launch
ok 19 - WO-051 writer authority, command and environment refuse invalid requests before a launch
  ---
  duration_ms: 478.005458
  ...
# Subtest: WO-051 source-change mount accepts scratch worktrees and rejects root, prefix and symlink escapes
ok 20 - WO-051 source-change mount accepts scratch worktrees and rejects root, prefix and symlink escapes
  ---
  duration_ms: 641.287834
  ...
# Subtest: WO-051 C-W2/C-W3/C-W8/C-W9 and X-W1/X-W2/X-W8 canonical writer shapes
ok 21 - WO-051 C-W2/C-W3/C-W8/C-W9 and X-W1/X-W2/X-W8 canonical writer shapes
  ---
  duration_ms: 452.53525
  ...
# Subtest: WO-051 claude subprocess observes committed and C-K1 edited-uncommitted outcomes
ok 22 - WO-051 claude subprocess observes committed and C-K1 edited-uncommitted outcomes
  ---
  duration_ms: 1643.770625
  ...
# Subtest: WO-051 claude malformed, spoofed and failed vendor output never becomes a writer result
ok 23 - WO-051 claude malformed, spoofed and failed vendor output never becomes a writer result
  ---
  duration_ms: 1280.298833
  ...
# Subtest: WO-051 codex subprocess observes committed and C-K1 edited-uncommitted outcomes
ok 24 - WO-051 codex subprocess observes committed and C-K1 edited-uncommitted outcomes
  ---
  duration_ms: 1098.292375
  ...
# Subtest: WO-051 codex malformed, spoofed and failed vendor output never becomes a writer result
ok 25 - WO-051 codex malformed, spoofed and failed vendor output never becomes a writer result
  ---
  duration_ms: 1026.872959
  ...
# Subtest: WO-051 strict writer parser keeps observations host-owned and validates stored fields
ok 26 - WO-051 strict writer parser keeps observations host-owned and validates stored fields
  ---
  duration_ms: 325.470625
  ...
1..26
# tests 97
# suites 0
# pass 97
# fail 0
# cancelled 0
# skipped 0
# todo 0
# duration_ms 62264.935375
