✔ the fake transport drives review, receipt, refute, refutation-receipt and dispose end to end (240.212209ms)
✔ the selection rule, its blinding and its denominators are the loadout's, not the host's (174.895458ms)
✔ zero findings yield not-applicable denominators rather than a synthetic pass (122.292417ms)
✔ a blocked run files its receipt with the failure and promotes nothing (125.664083ms)
✔ a dirty tree and a second pending dispatch are refused by path (151.94175ms)
✔ a result whose tracked status moved during the episode is refused (99.62675ms)
✔ the explicit route binds the named commit, not the working tree (212.2375ms)
✔ the refutation records tracked status and the scratch delta on either side of its episode (268.077334ms)
✔ an invalid return is rejected and retained with its statement (104.268792ms)
✔ accepting a refuted, blocked, unselected or unknown identifier is refused (199.822875ms)
✔ a pass consumes an undisposed review before paying for another (222.85825ms)
✔ check fails on a hand-edited receipt, a missing control event and a fixture receipt (157.345291ms)
✔ an interrupted filing is reported, never a shared-gate failure (123.113208ms)
✔ the attestation labels a substitute reviewer and never invents readback (0.1275ms)
✔ the fake transport cannot produce a live receipt (166.733791ms)
✔ the canonical prompt carries the residue, lens briefs, concern, subject path and schema (97.649584ms)
✔ WO-157 item 9: the witness records added and removed scratch paths and the source repository's untracked listing (124.928958ms)
✔ WO-157 item 10: a refutation receipt renders the typed reasons in place of a worker statement (262.892417ms)
ℹ tests 18
ℹ suites 0
ℹ pass 18
ℹ fail 0
ℹ cancelled 0
ℹ skipped 0
ℹ todo 0
ℹ duration_ms 2957.935042
