TAP version 13
# Subtest: WO-157 a bind without --model and --effort records the transport's default judge
not ok 1 - WO-157 a bind without --model and --effort records the transport's default judge
  ---
  duration_ms: 120.768416
  type: 'test'
  location: '~/Projects/DotLn-wo157/scripts/test-resident-bind.mjs:983:1'
  failureType: 'testCodeFailure'
  error: |-
    error: --model is required; usage: resident-bind WO-NNN --surface <path>... --transport <claude-cli-print|codex-cli-exec> --model <model> --effort <level> [--base <commit>] | resident-bind --check <store>


    1 !== 0

  code: 'ERR_ASSERTION'
  name: 'AssertionError'
  expected: 0
  actual: 1
  operator: 'strictEqual'
  stack: |-
    file://~/Projects/DotLn-wo157/scripts/test-resident-bind.mjs:997:14
    withFixture (file://~/Projects/DotLn-wo157/scripts/test-resident-bind.mjs:209:12)
    TestContext.<anonymous> (file://~/Projects/DotLn-wo157/scripts/test-resident-bind.mjs:984:3)
    Test.runInAsyncScope (node:async_hooks:226:14)
    Test.run (node:internal/test_runner/test:1402:25)
    Test.start (node:internal/test_runner/test:1262:17)
    startSubtestAfterBootstrap (node:internal/test_runner/harness:387:17)
  ...
# Subtest: WO-157 a bind with --model and --effort records the operator's choice
not ok 2 - WO-157 a bind with --model and --effort records the operator's choice
  ---
  duration_ms: 180.547041
  type: 'test'
  location: '~/Projects/DotLn-wo157/scripts/test-resident-bind.mjs:1038:1'
  failureType: 'testCodeFailure'
  error: |-
    Expected values to be strictly equal:
    + actual - expected

    + undefined
    - 'operator'

  code: 'ERR_ASSERTION'
  name: 'AssertionError'
  expected: 'operator'
  operator: 'strictEqual'
  stack: |-
    file://~/Projects/DotLn-wo157/scripts/test-resident-bind.mjs:1045:12
    withFixture (file://~/Projects/DotLn-wo157/scripts/test-resident-bind.mjs:209:12)
    TestContext.<anonymous> (file://~/Projects/DotLn-wo157/scripts/test-resident-bind.mjs:1039:3)
    Test.runInAsyncScope (node:async_hooks:226:14)
    Test.run (node:internal/test_runner/test:1402:25)
    Test.processPendingSubtests (node:internal/test_runner/test:974:18)
    Test.postRun (node:internal/test_runner/test:1542:19)
    Test.run (node:internal/test_runner/test:1467:12)
    async startSubtestAfterBootstrap (node:internal/test_runner/harness:387:3)
  ...
# Subtest: WO-157 --check refuses a hand-written portfolio binding whose compiled floor departs from its registered profile, naming the repository and profile
not ok 3 - WO-157 --check refuses a hand-written portfolio binding whose compiled floor departs from its registered profile, naming the repository and profile
  ---
  duration_ms: 82.479
  type: 'test'
  location: '~/Projects/DotLn-wo157/scripts/test-resident-bind.mjs:1213:1'
  failureType: 'testCodeFailure'
  error: |-
    The input did not match the regular expression /mismatch {3}profile: repositories\.scratch\.authorityProfile \(fixture\.scratch\) denies repo\.delete; the compiled floor fixture\.portfolio\.base allows repo\.delete/u. Input:

    ''

  code: 'ERR_ASSERTION'
  name: 'AssertionError'
  expected:
  actual: ''
  operator: 'match'
  stack: |-
    file://~/Projects/DotLn-wo157/scripts/test-resident-bind.mjs:1234:12
    withPortfolio (file://~/Projects/DotLn-wo157/scripts/test-resident-bind.mjs:1203:12)
    TestContext.<anonymous> (file://~/Projects/DotLn-wo157/scripts/test-resident-bind.mjs:1214:3)
    Test.runInAsyncScope (node:async_hooks:226:14)
    Test.run (node:internal/test_runner/test:1402:25)
    Test.processPendingSubtests (node:internal/test_runner/test:974:18)
    Test.postRun (node:internal/test_runner/test:1542:19)
    Test.run (node:internal/test_runner/test:1467:12)
    async Test.processPendingSubtests (node:internal/test_runner/test:974:7)
  ...
# Subtest: WO-157 --check refuses a portfolio binding whose registered profile cannot be read, naming why
not ok 4 - WO-157 --check refuses a portfolio binding whose registered profile cannot be read, naming why
  ---
  duration_ms: 83.516666
  type: 'test'
  location: '~/Projects/DotLn-wo157/scripts/test-resident-bind.mjs:1276:1'
  failureType: 'testCodeFailure'
  error: |-
    The input did not match the regular expression /mismatch {3}profile: no registered authorityProfile is readable for repository scratch: /u. Input:

    ''

  code: 'ERR_ASSERTION'
  name: 'AssertionError'
  expected:
  actual: ''
  operator: 'match'
  stack: |-
    file://~/Projects/DotLn-wo157/scripts/test-resident-bind.mjs:1288:12
    withPortfolio (file://~/Projects/DotLn-wo157/scripts/test-resident-bind.mjs:1203:12)
    TestContext.<anonymous> (file://~/Projects/DotLn-wo157/scripts/test-resident-bind.mjs:1277:3)
    Test.runInAsyncScope (node:async_hooks:226:14)
    Test.run (node:internal/test_runner/test:1402:25)
    Test.processPendingSubtests (node:internal/test_runner/test:974:18)
    Test.postRun (node:internal/test_runner/test:1542:19)
    Test.run (node:internal/test_runner/test:1467:12)
    async Test.processPendingSubtests (node:internal/test_runner/test:974:7)
  ...
# Subtest: WO-157 a loader-built portfolio binding compiles under its registered profile and passes --check
not ok 5 - WO-157 a loader-built portfolio binding compiles under its registered profile and passes --check
  ---
  duration_ms: 78.267875
  type: 'test'
  location: '~/Projects/DotLn-wo157/scripts/test-resident-bind.mjs:1324:1'
  failureType: 'testCodeFailure'
  error: |-
    error: unknown option --portfolio; usage: resident-bind WO-NNN --surface <path>... --transport <claude-cli-print|codex-cli-exec> --model <model> --effort <level> [--base <commit>] | resident-bind --check <store>


    1 !== 0

  code: 'ERR_ASSERTION'
  name: 'AssertionError'
  expected: 0
  actual: 1
  operator: 'strictEqual'
  stack: |-
    file://~/Projects/DotLn-wo157/scripts/test-resident-bind.mjs:1335:12
    withPortfolio (file://~/Projects/DotLn-wo157/scripts/test-resident-bind.mjs:1203:12)
    TestContext.<anonymous> (file://~/Projects/DotLn-wo157/scripts/test-resident-bind.mjs:1325:3)
    Test.runInAsyncScope (node:async_hooks:226:14)
    Test.run (node:internal/test_runner/test:1402:25)
    Test.processPendingSubtests (node:internal/test_runner/test:974:18)
    Test.postRun (node:internal/test_runner/test:1542:19)
    Test.run (node:internal/test_runner/test:1467:12)
    async Test.processPendingSubtests (node:internal/test_runner/test:974:7)
  ...
1..5
# tests 5
# suites 0
# pass 0
# fail 5
# cancelled 0
# skipped 0
# todo 0
# duration_ms 610.2385
