
> test:docs
> node scripts/test-runner.mjs --document

PROGRESS [build] 0.0 s started
PASS build 3.00 s
PROGRESS [format] 0.0 s started
PROGRESS [release-surfaces] 0.0 s started
PROGRESS [publication] 0.0 s started
PROGRESS [index] 0.0 s started
PASS publication 1.64 s
PROGRESS [authority-evidence] 0.0 s started
PASS format 3.48 s
PROGRESS [harness] 0.0 s started
PASS harness 0.40 s
PROGRESS [harness-context] 0.0 s started
PASS release-surfaces 4.64 s
PROGRESS [harness-evidence] 0.0 s started
PASS harness-context 2.11 s
PROGRESS [artifact-evidence] 0.0 s started
PASS artifact-evidence 0.30 s
PROGRESS [verification-evidence] 0.0 s started
PASS harness-evidence 2.40 s
PROGRESS [feedback-evidence] 0.0 s started
PASS authority-evidence 5.55 s
PROGRESS [meta] 0.0 s started
PASS meta 2.49 s
PASS feedback-evidence 5.12 s
PROGRESS [index] 15.0 s running; last report: waiting for the next case report
PASS verification-evidence 9.30 s
PASS index 26.86 s
PROGRESS [skeleton-docs] 0.0 s started
PROGRESS [console-docs] 0.0 s started
PROGRESS [plan-refutation-current] 0.0 s started
PROGRESS [plan] 0.0 s started
PROGRESS [skeleton-docs] 0.2 s # Subtest: packages/skeleton/dist/test/artifact-identity.test.js
PROGRESS [skeleton-docs] 1.3 s # Subtest: packages/skeleton/dist/test/harness-input.test.js
PROGRESS [console-docs] 15.0 s running; last report: waiting for the next case report
PROGRESS [plan-refutation-current] 15.0 s running; last report: waiting for the next case report
PROGRESS [plan] 15.0 s running; last report: waiting for the next case report
PROGRESS [skeleton-docs] 15.3 s # Subtest: packages/skeleton/dist/test/verification.test.js
PASS skeleton-docs 15.25 s
PASS plan-refutation-current 29.02 s
PASS plan 29.52 s
PROGRESS [console-docs] 30.0 s running; last report: waiting for the next case report
PROGRESS [console-docs] 45.0 s running; last report: waiting for the next case report
PROGRESS [console-docs] 60.0 s running; last report: waiting for the next case report
PROGRESS [console-docs] 75.0 s running; last report: waiting for the next case report
PROGRESS [console-docs] 86.7 s # Subtest: [document] WO-032 AC5 each role's pinned answering cells exist and the questions match product 13
PROGRESS [console-docs] 105.0 s running; last report: ok 1 - [document] WO-032 AC5 each role's pinned answering cells exist and the questions match product 13
PROGRESS [console-docs] 120.0 s running; last report: ok 1 - [document] WO-032 AC5 each role's pinned answering cells exist and the questions match product 13
PROGRESS [console-docs] 133.8 s # Subtest: [document] WO-032 host collection reads current sources and all shipped exports without changing control or creating a missing store
PASS console-docs 133.85 s
npm run test:docs: 17 passed; 0 failed; 163.82 s; 17 fresh tasks
